
  .   ____          _            __ _ _
 /\\ / ___'_ __ _ _(_)_ __  __ _ \ \ \ \
( ( )\___ | '_ | '_| | '_ \/ _` | \ \ \ \
 \\/  ___)| |_)| | | | | || (_| |  ) ) ) )
  '  |____| .__|_| |_|_| |_\__, | / / / /
 =========|_|==============|___/=/_/_/_/

 :: Spring Boot ::               (v3.3.13)

2026-08-07T23:01:12.631+05:30  INFO 45044 --- [mfa-learning-app] [           main] c.example.mfaapp.MfaLearningApplication  : Starting MfaLearningApplication v1.0.0 using Java 21.0.1 with PID 45044 (F:\Cluade\mfa-learning-app\target\mfa-learning-app-1.0.0.jar started by Wasim Hayat in F:\Cluade\mfa-learning-app)
2026-08-07T23:01:12.644+05:30  INFO 45044 --- [mfa-learning-app] [           main] c.example.mfaapp.MfaLearningApplication  : No active profile set, falling back to 1 default profile: "default"
2026-08-07T23:01:15.857+05:30  INFO 45044 --- [mfa-learning-app] [           main] .s.d.r.c.RepositoryConfigurationDelegate : Bootstrapping Spring Data JPA repositories in DEFAULT mode.
2026-08-07T23:01:16.167+05:30  INFO 45044 --- [mfa-learning-app] [           main] .s.d.r.c.RepositoryConfigurationDelegate : Finished Spring Data repository scanning in 257 ms. Found 5 JPA repository interfaces.
2026-08-07T23:01:19.363+05:30  INFO 45044 --- [mfa-learning-app] [           main] o.s.b.w.embedded.tomcat.TomcatWebServer  : Tomcat initialized with port 8080 (http)
2026-08-07T23:01:19.409+05:30  INFO 45044 --- [mfa-learning-app] [           main] o.apache.catalina.core.StandardService   : Starting service [Tomcat]
2026-08-07T23:01:19.410+05:30  INFO 45044 --- [mfa-learning-app] [           main] o.apache.catalina.core.StandardEngine    : Starting Servlet engine: [Apache Tomcat/10.1.42]
2026-08-07T23:01:19.527+05:30  INFO 45044 --- [mfa-learning-app] [           main] o.a.c.c.C.[Tomcat].[localhost].[/]       : Initializing Spring embedded WebApplicationContext
2026-08-07T23:01:19.527+05:30  INFO 45044 --- [mfa-learning-app] [           main] w.s.c.ServletWebServerApplicationContext : Root WebApplicationContext: initialization completed in 6705 ms
2026-08-07T23:01:21.157+05:30  INFO 45044 --- [mfa-learning-app] [           main] o.hibernate.jpa.internal.util.LogHelper  : HHH000204: Processing PersistenceUnitInfo [name: default]
2026-08-07T23:01:21.408+05:30  INFO 45044 --- [mfa-learning-app] [           main] org.hibernate.Version                    : HHH000412: Hibernate ORM core version 6.5.3.Final
2026-08-07T23:01:21.571+05:30  INFO 45044 --- [mfa-learning-app] [           main] o.h.c.internal.RegionFactoryInitiator    : HHH000026: Second-level cache disabled
2026-08-07T23:01:22.638+05:30  INFO 45044 --- [mfa-learning-app] [           main] o.s.o.j.p.SpringPersistenceUnitInfo      : No LoadTimeWeaver setup: ignoring JPA class transformer
2026-08-07T23:01:22.737+05:30  INFO 45044 --- [mfa-learning-app] [           main] com.zaxxer.hikari.HikariDataSource       : HikariPool-1 - Starting...
2026-08-07T23:01:23.639+05:30  INFO 45044 --- [mfa-learning-app] [           main] com.zaxxer.hikari.pool.HikariPool        : HikariPool-1 - Added connection conn0: url=jdbc:h2:file:./data/mfa-learning user=SA
2026-08-07T23:01:23.653+05:30  INFO 45044 --- [mfa-learning-app] [           main] com.zaxxer.hikari.HikariDataSource       : HikariPool-1 - Start completed.
2026-08-07T23:01:28.494+05:30  INFO 45044 --- [mfa-learning-app] [           main] o.h.e.t.j.p.i.JtaPlatformInitiator       : HHH000489: No JTA platform available (set 'hibernate.transaction.jta.platform' to enable JTA platform integration)
2026-08-07T23:01:28.709+05:30  INFO 45044 --- [mfa-learning-app] [           main] j.LocalContainerEntityManagerFactoryBean : Initialized JPA EntityManagerFactory for persistence unit 'default'
2026-08-07T23:01:30.999+05:30  INFO 45044 --- [mfa-learning-app] [           main] o.s.d.j.r.query.QueryEnhancerFactory     : Hibernate is in classpath; If applicable, HQL parser will be used.
2026-08-07T23:01:34.267+05:30  INFO 45044 --- [mfa-learning-app] [           main] r$InitializeUserDetailsManagerConfigurer : Global AuthenticationManager configured with UserDetailsService bean with name userService
2026-08-07T23:01:34.565+05:30  INFO 45044 --- [mfa-learning-app] [           main] o.s.b.a.w.s.WelcomePageHandlerMapping    : Adding welcome page: class path resource [static/index.html]
2026-08-07T23:01:36.202+05:30  WARN 45044 --- [mfa-learning-app] [           main] ConfigServletWebServerApplicationContext : Exception encountered during context initialization - cancelling refresh attempt: org.springframework.context.ApplicationContextException: Failed to start bean 'webServerStartStop'
2026-08-07T23:01:36.219+05:30  INFO 45044 --- [mfa-learning-app] [           main] j.LocalContainerEntityManagerFactoryBean : Closing JPA EntityManagerFactory for persistence unit 'default'
2026-08-07T23:01:36.233+05:30  INFO 45044 --- [mfa-learning-app] [           main] com.zaxxer.hikari.HikariDataSource       : HikariPool-1 - Shutdown initiated...
2026-08-07T23:01:36.249+05:30  INFO 45044 --- [mfa-learning-app] [           main] com.zaxxer.hikari.HikariDataSource       : HikariPool-1 - Shutdown completed.
2026-08-07T23:01:36.331+05:30  INFO 45044 --- [mfa-learning-app] [           main] .s.b.a.l.ConditionEvaluationReportLogger : 

Error starting ApplicationContext. To display the condition evaluation report re-run your application with 'debug' enabled.
2026-08-07T23:01:36.466+05:30 ERROR 45044 --- [mfa-learning-app] [           main] o.s.boot.SpringApplication               : Application run failed

org.springframework.context.ApplicationContextException: Failed to start bean 'webServerStartStop'
	at org.springframework.context.support.DefaultLifecycleProcessor.doStart(DefaultLifecycleProcessor.java:289) ~[spring-context-6.1.21.jar!/:6.1.21]
	at org.springframework.context.support.DefaultLifecycleProcessor$LifecycleGroup.start(DefaultLifecycleProcessor.java:473) ~[spring-context-6.1.21.jar!/:6.1.21]
	at java.base/java.lang.Iterable.forEach(Iterable.java:75) ~[na:na]
	at org.springframework.context.support.DefaultLifecycleProcessor.startBeans(DefaultLifecycleProcessor.java:258) ~[spring-context-6.1.21.jar!/:6.1.21]
	at org.springframework.context.support.DefaultLifecycleProcessor.onRefresh(DefaultLifecycleProcessor.java:203) ~[spring-context-6.1.21.jar!/:6.1.21]
	at org.springframework.context.support.AbstractApplicationContext.finishRefresh(AbstractApplicationContext.java:990) ~[spring-context-6.1.21.jar!/:6.1.21]
	at org.springframework.context.support.AbstractApplicationContext.refresh(AbstractApplicationContext.java:628) ~[spring-context-6.1.21.jar!/:6.1.21]
	at org.springframework.boot.web.servlet.context.ServletWebServerApplicationContext.refresh(ServletWebServerApplicationContext.java:146) ~[spring-boot-3.3.13.jar!/:3.3.13]
	at org.springframework.boot.SpringApplication.refresh(SpringApplication.java:754) ~[spring-boot-3.3.13.jar!/:3.3.13]
	at org.springframework.boot.SpringApplication.refreshContext(SpringApplication.java:456) ~[spring-boot-3.3.13.jar!/:3.3.13]
	at org.springframework.boot.SpringApplication.run(SpringApplication.java:335) ~[spring-boot-3.3.13.jar!/:3.3.13]
	at org.springframework.boot.SpringApplication.run(SpringApplication.java:1363) ~[spring-boot-3.3.13.jar!/:3.3.13]
	at org.springframework.boot.SpringApplication.run(SpringApplication.java:1352) ~[spring-boot-3.3.13.jar!/:3.3.13]
	at com.example.mfaapp.MfaLearningApplication.main(MfaLearningApplication.java:10) ~[!/:1.0.0]
	at java.base/jdk.internal.reflect.DirectMethodHandleAccessor.invoke(DirectMethodHandleAccessor.java:103) ~[na:na]
	at java.base/java.lang.reflect.Method.invoke(Method.java:580) ~[na:na]
	at org.springframework.boot.loader.launch.Launcher.launch(Launcher.java:102) ~[mfa-learning-app-1.0.0.jar:1.0.0]
	at org.springframework.boot.loader.launch.Launcher.launch(Launcher.java:64) ~[mfa-learning-app-1.0.0.jar:1.0.0]
	at org.springframework.boot.loader.launch.JarLauncher.main(JarLauncher.java:40) ~[mfa-learning-app-1.0.0.jar:1.0.0]
Caused by: org.springframework.boot.web.server.WebServerException: Unable to start embedded Tomcat server
	at org.springframework.boot.web.embedded.tomcat.TomcatWebServer.start(TomcatWebServer.java:251) ~[spring-boot-3.3.13.jar!/:3.3.13]
	at org.springframework.boot.web.servlet.context.WebServerStartStopLifecycle.start(WebServerStartStopLifecycle.java:44) ~[spring-boot-3.3.13.jar!/:3.3.13]
	at org.springframework.context.support.DefaultLifecycleProcessor.doStart(DefaultLifecycleProcessor.java:286) ~[spring-context-6.1.21.jar!/:6.1.21]
	... 18 common frames omitted
Caused by: java.lang.IllegalArgumentException: standardService.connector.startFailed
	at org.apache.catalina.core.StandardService.addConnector(StandardService.java:222) ~[tomcat-embed-core-10.1.42.jar!/:na]
	at org.springframework.boot.web.embedded.tomcat.TomcatWebServer.addPreviouslyRemovedConnectors(TomcatWebServer.java:310) ~[spring-boot-3.3.13.jar!/:3.3.13]
	at org.springframework.boot.web.embedded.tomcat.TomcatWebServer.start(TomcatWebServer.java:236) ~[spring-boot-3.3.13.jar!/:3.3.13]
	... 20 common frames omitted
Caused by: org.apache.catalina.LifecycleException: Protocol handler start failed
	at org.apache.catalina.connector.Connector.startInternal(Connector.java:1106) ~[tomcat-embed-core-10.1.42.jar!/:na]
	at org.apache.catalina.util.LifecycleBase.start(LifecycleBase.java:164) ~[tomcat-embed-core-10.1.42.jar!/:na]
	at org.apache.catalina.core.StandardService.addConnector(StandardService.java:219) ~[tomcat-embed-core-10.1.42.jar!/:na]
	... 22 common frames omitted
Caused by: java.io.IOException: Unable to establish loopback connection
	at java.base/sun.nio.ch.PipeImpl$Initializer.run(PipeImpl.java:103) ~[na:na]
	at java.base/sun.nio.ch.PipeImpl$Initializer.run(PipeImpl.java:67) ~[na:na]
	at java.base/java.security.AccessController.doPrivileged(AccessController.java:571) ~[na:na]
	at java.base/sun.nio.ch.PipeImpl.<init>(PipeImpl.java:204) ~[na:na]
	at java.base/sun.nio.ch.WEPollSelectorImpl.<init>(WEPollSelectorImpl.java:79) ~[na:na]
	at java.base/sun.nio.ch.WEPollSelectorProvider.openSelector(WEPollSelectorProvider.java:33) ~[na:na]
	at java.base/java.nio.channels.Selector.open(Selector.java:295) ~[na:na]
	at org.apache.tomcat.util.net.NioEndpoint$Poller.<init>(NioEndpoint.java:628) ~[tomcat-embed-core-10.1.42.jar!/:na]
	at org.apache.tomcat.util.net.NioEndpoint.startInternal(NioEndpoint.java:302) ~[tomcat-embed-core-10.1.42.jar!/:na]
	at org.apache.tomcat.util.net.AbstractEndpoint.start(AbstractEndpoint.java:1485) ~[tomcat-embed-core-10.1.42.jar!/:na]
	at org.apache.coyote.AbstractProtocol.start(AbstractProtocol.java:644) ~[tomcat-embed-core-10.1.42.jar!/:na]
	at org.apache.catalina.connector.Connector.startInternal(Connector.java:1103) ~[tomcat-embed-core-10.1.42.jar!/:na]
	... 24 common frames omitted
Caused by: java.net.SocketException: Invalid argument: connect
	at java.base/sun.nio.ch.UnixDomainSockets.connect0(Native Method) ~[na:na]
	at java.base/sun.nio.ch.UnixDomainSockets.connect(UnixDomainSockets.java:154) ~[na:na]
	at java.base/sun.nio.ch.UnixDomainSockets.connect(UnixDomainSockets.java:150) ~[na:na]
	at java.base/sun.nio.ch.SocketChannelImpl.connect(SocketChannelImpl.java:878) ~[na:na]
	at java.base/java.nio.channels.SocketChannel.open(SocketChannel.java:285) ~[na:na]
	at java.base/sun.nio.ch.PipeImpl$Initializer$LoopbackConnector.run(PipeImpl.java:138) ~[na:na]
	at java.base/sun.nio.ch.PipeImpl$Initializer.run(PipeImpl.java:85) ~[na:na]
	... 35 common frames omitted

